// Jest Snapshot v1, https://goo.gl/fbAQLP

exports[`AppComponent should fetch posts - initial state 1`] = `Array []`;

exports[`AppComponent should render 1`] = `
<app-root
  store={[Function MockStore]}
>
  <app-header /><app-posts-container />
</app-root>
`;
